                                ;*** AILZ80ASM *** Z-80 Assembler, version 1.0.21.0, LST:Full:4
                                ;   似非DOS BOOT (DOS1)
                                
       F37D                     BDOS    EQU 0F37DH
       F368                     ROMUSE  EQU 0F368H
       F36B                     RAMUSE  EQU 0F36BH
                                
000000 C000                         ORG 0C000H
                                ;
                                ;   BPB
                                ;
000000 C000 EBFE90                  DB  0EBH,0FEH,090H  ;BS_JmpBoot
000003 C003 444F532020202020        DB  "DOS     "  ;BS_OEMName
00000B C00B 0002                    DW  512     ;BPB_BytsPerSec
00000D C00D 02                      DB  2       ;BPB_SecPerClus
00000E C00E 0100                    DW  1       ;BPB_RsvdSecCnt
000010 C010 02                      DB  2       ;BPB_NumFATs
000011 C011 7000                    DW  112     ;BPB_RootEntCnt
000013 C013 A005                    DW  1440        ;BPB_TotSec16
000015 C015 F9                      DB  0F9H        ;BPB_Media
000016 C016 0300                    DW  3       ;BPB_FATSz16
000018 C018 0900                    DW  9       ;BPB_SecPerTrk
00001A C01A 0200                    DW  2       ;BPB_NumHeads
00001C C01C 0000                    DW  0       ;BPB_HiddSec(2バイト)
00001E C01E 1810            12      JR  START       ;ブートプログラムへジャンプ
000020 C020 5F444F53315F            DB  "_DOS1_"    ;MSX-DOS2判別用(VOL_IDじゃなければDOS1)
000026 C026 00                      DB  0       ;ダーティディスクフラグ
000027 C027 444F5331                DB  "DOS1"      ;ボリュームID(適当な4バイト)
00002B C02B                         DS  5       ;Reserved for future
                                ;
                                ;   ブートプログラム
                                ;
       C030                     START:
000030 C030 D0              11      RET NC
                                
000031 C031 1166C0          10      LD  DE,FCB
000034 C034 0E0F             7      LD  C,00FH
000036 C036 CD7DF3          17      CALL    BDOS
000039 C039 3C               4      INC A
00003A C03A C8              11      RET Z
                                
00003B C03B 210000          10      LD  HL,0
00003E C03E 2287C0          16      LD  (FCB+33),HL
000041 C041 2289C0          16      LD  (FCB+35),HL
000044 C044 2C               4      INC L
000045 C045 2274C0          16      LD  (FCB+14),HL
                                
000048 C048 110001          10      LD  DE,00100H
00004B C04B 0E1A             7      LD  C,01AH      ;(BDOS)DTAの設定
00004D C04D CD7DF3          17      CALL    BDOS
                                
000050 C050 CD6BF3          17      CALL    RAMUSE      ;ページ1をメインRAMに切り替える
                                
000053 C053 1166C0          10      LD  DE,FCB
000056 C056 2100BF          10      LD  HL,0BF00H
000059 C059 0E27             7      LD  C,027H      ;(BDOS)ランダム・ブロック・リード
00005B C05B CD7DF3          17      CALL    BDOS
00005E C05E FE01             7      CP  1
000060 C060 CA0001          10      JP  Z,00100H
                                
000063 C063 C368F3          10      JP  ROMUSE      ;ページ1をメインROMに切り替える
                                
000066 C066 00444F5320202020    FCB:    DB  0, "DOS     SYS",0,0,0,0
            2053595300000000    
[EOF:BOOT.ASM:UTF_8]
