                                ;*** AILZ80ASM *** Z-80 Assembler, version 1.0.0.0, LST:Full:4
                                ;   似非DOS BOOT
                                
       F37D                         BDOS    EQU 0F37DH
                                
000000 C000                         ORG 0C000H
                                ;
                                ;   BPB
                                ;
000000 C000 EBFE90444F532020        DB  0EBH,0FEH,90H,"DOS  "
000008 C008 2020200002020100        DB  "   ",00H,02H,02H,01H,00H
000010 C010 027000A005F90300        DB  02H,70H,00H,0A0H,05H,0F9H,03H,00H
000018 C018 090002000000            DB  09H,00H,02H,00H,00H,00H
                                
00001E C01E D0              11      RET NC
                                
00001F C01F EB               4      EX  DE,HL
000020 C020 CD4EC0          17      CALL    JP_HL
                                
000023 C023 114FC0          10      LD  DE,FCB
000026 C026 0E0F             7      LD  C,00FH
000028 C028 CD7DF3          17      CALL    BDOS
                                
00002B C02B 110001          10      LD  DE,00100H
00002E C02E 0E1A             7      LD  C,01AH      ;(BDOS)DTAの設定
000030 C030 CD7DF3          17      CALL    BDOS
                                
000033 C033 210000          10      LD  HL,0
000036 C036 2270C0          16      LD  (FCB+33),HL
000039 C039 2272C0          16      LD  (FCB+35),HL
00003C C03C 2C               4      INC L
00003D C03D 225DC0          16      LD  (FCB+14),HL
                                
000040 C040 114FC0          10      LD  DE,FCB
000043 C043 2100BF          10      LD  HL,0BF00H
000046 C046 0E27             7      LD  C,027H      ;(BDOS)ランダム・ブロック・リード
000048 C048 CD7DF3          17      CALL    BDOS
                                
00004B C04B C30001          10      JP  0100H
       C04E                     JP_HL:
00004E C04E E9               4      JP  (HL)
                                
00004F C04F 00444F5320202020    FCB:    DB  0, "DOS     SYS",0,0,0,0
            2053595300000000    
[EOF:BOOT.ASM:SHIFT_JIS]
