                                ;*** AILZ80ASM *** Z-80 Assembler, version 1.0.0.0, LST:Full:4
                                ;   似非DOS
                                
       0005                     SYSTEM  EQU 00005H
       001C                     CALSLT  EQU 0001CH
       0024                     ENASLT  EQU 00024H
       005F                     CHGMOD  EQU 0005FH
       006C                     INITXT  EQU 0006CH
       0078                     SETTXT  EQU 00078H
       005C                     FCB1    EQU 0005CH
       0080                     DTA1    EQU 00080H
       F307                     FCB11   EQU 0F307H
       F37D                     BDOS    EQU 0F37DH
       F3AE                     LINL40  EQU 0F3AEH
       F41F                     KBUF    EQU 0F41FH
       F55E                     BUF EQU 0F55EH
       F672                     MEMSIZ  EQU 0F672H
       FAF8                     EXBRSA  EQU 0FAF8H
       FCC1                     EXPTBL  EQU 0FCC1H
       FFCA                     EXTBIOS EQU 0FFCAH
       0402                     MAPPER  EQU 00402H
                                
       F55E                     SAVE_SP EQU BUF
       F560                     SAVE_DE EQU BUF+2
       F562                     SAVE_IX EQU BUF+4
       F564                     SAVE_C  EQU BUF+6
       F565                     DE_MEM_SIZE EQU BUF+7
       F566                     SAVE_HL EQU BUF+8
       F568                     SAVE_A  EQU BUF+10
       F569                     EXTSP   EQU BUF+11
       F41F                     ALT_MEM EQU KBUF
       F45F                     ALT_MEM2    EQU ALT_MEM+64
       F49F                     ALT_MEM3    EQU ALT_MEM2+64
                                
000000 0100                         ORG 0100H
000000 0100 CD6BF3          17      CALL    0F36BH      ;ページ1をメインRAMに切り替える
000003 0103 211FF4          10      LD  HL,KBUF
000006 0106 1120F4          10      LD  DE,KBUF+1
000009 0109 3600            10      LD  (HL),0
00000B 010B 013D01          10      LD  BC,317
00000E 010E EDB0                    LDIR
000010 0110 215EF5          10      LD  HL,BUF
000013 0113 115FF5          10      LD  DE,BUF+1
000016 0116 3600            10      LD  (HL),0
000018 0118 010101          10      LD  BC,257
00001B 011B EDB0                    LDIR
00001D 011D 3EC3             7      LD  A,0C3H      ;JP
00001F 011F 320000          13      LD  (0),A       ;WBOOT
000022 0122 320500          13      LD  (SYSTEM),A
                                
000025 0125 2A72F6          16      LD  HL,(MEMSIZ)
000028 0128 2E00             7      LD  L,0
00002A 012A 2269F5          16      LD  (EXTSP),HL
00002D 012D 2E03             7      LD  L,3
00002F 012F 25               4      DEC H
000030 0130 220100          16      LD  (1),HL      ;WBOOT
000033 0133 2C               4      INC L
000034 0134 25               4      DEC H
000035 0135 25               4      DEC H
000036 0136 7C               4      LD  A,H
000037 0137 F9               6      LD  SP,HL
000038 0138 EB               4      EX  DE,HL
000039 0139 219602          10      LD  HL,REAL
00003C 013C 015D02          10      LD  BC,MAIN_END-MAIN
00003F 013F EDB0                    LDIR
                                                ;リロケータブル
000041 0141 67               4      LD  H,A     ;H:+0/A:+0
000042 0142 2E08             7      LD  L,BDOS0+2
000044 0144 77               7      LD  (HL),A
000045 0145 3C               4      INC A
000046 0146 2E19             7      LD  L,SYS09_+2
000048 0148 77               7      LD  (HL),A
000049 0149 3C               4      INC A       ;A:+2
00004A 014A 2E10             7      LD  L,WBOOT_+2
00004C 014C 77               7      LD  (HL),A
00004D 014D 24               4      INC H       ;H:+1
00004E 014E 24               4      INC H       ;H:+2
00004F 014F 2E02             7      LD  L,2
000051 0151 77               7      LD  (HL),A
000052 0152 2E05             7      LD  L,WBOOT+2-BOOT
000054 0154 77               7      LD  (HL),A
000055 0155 3D               4      DEC A       ;A:+1
000056 0156 2E08             7      LD  L,CONST_+2-BOOT
000058 0158 77               7      LD  (HL),A
000059 0159 2E0B             7      LD  L,CONIN+2-BOOT
00005B 015B 77               7      LD  (HL),A
00005C 015C 2E0E             7      LD  L,CONOUT+2-BOOT
00005E 015E 77               7      LD  (HL),A
00005F 015F 2E13             7      LD  L,FCBPAT+2-BOOT
000061 0161 77               7      LD  (HL),A
000062 0162 2E52             7      LD  L,SHOW_ERROR+2-BOOT
000064 0164 77               7      LD  (HL),A
000065 0165 25               4      DEC H       ;H:+1
000066 0166 E5              11      PUSH    HL
000067 0167 25               4      DEC H       ;H:+0
000068 0168 2E06             7      LD  L,BDOS0
00006A 016A 220600          16      LD  (SYSTEM+1),HL
00006D 016D 0E19             7      LD  C,19H       ;(BDOS)_CURDRV カレントドライブ番号の獲得
00006F 016F CD7DF3          17      CALL    BDOS
000072 0172 3C               4      INC A
000073 0173 E1              10      POP HL      ;H:+1
000074 0174 2E9C             7      LD  L,FCBCMD-BOOT
000076 0176 77               7      LD  (HL),A
000077 0177 C640             7      ADD A,040H
000079 0179 323102          13      LD  (V_SHELL),A
                                
00007C 017C 3AF8FA          13      LD  A,(EXBRSA)
00007F 017F B7               4      OR  A
000080 0180 3E28             7      LD  A,40
000082 0182 2802            12      JR  Z,MSX1
000084 0184 3E50             7      LD  A,80        ;MSX2以降は80桁で起動
       0186                     MSX1:
000086 0186 32AEF3          13      LD  (LINL40),A
000089 0189 FD2AC1FC        20      LD  IY,(EXPTBL) ;メインROMスロット
00008D 018D DD216C00        14      LD  IX,INITXT
000091 0191 CD1C00          17      CALL    CALSLT
000094 0194 FD2AC1FC        20      LD  IY,(EXPTBL) ;メインROMスロット
000098 0198 DD217800        14      LD  IX,SETTXT
00009C 019C CD1C00          17      CALL    CALSLT
                                
00009F 019F 110A02          10      LD  DE,TITLE
0000A2 01A2 0E09             7      LD  C,9
0000A4 01A4 CD7DF3          17      CALL    BDOS
0000A7 01A7 0E6F             7      LD  C,06FH      ;_DOSVER MSX-DOS のバージョン番号の獲得
0000A9 01A9 CD7DF3          17      CALL    BDOS
0000AC 01AC 78               4      LD  A,B
0000AD 01AD FE02             7      CP  2
0000AF 01AF 383E            12      JR  C,DOS1
0000B1 01B1 1E32             7      LD  E,'2'
0000B3 01B3 0E02             7      LD  C,2
0000B5 01B5 CD7DF3          17      CALL    BDOS
                                
0000B8 01B8 212B02          10      LD  HL,N_SHELL
0000BB 01BB 113102          10      LD  DE,V_SHELL
0000BE 01BE 0E6C             7      LD  C,06CH      ;_SENV 環境変数のセット
0000C0 01C0 CD7DF3          17      CALL    BDOS
                                
0000C3 01C3 214002          10      LD  HL,N_DATE
0000C6 01C6 114502          10      LD  DE,V_DATE
0000C9 01C9 0E6C             7      LD  C,06CH      ;_SENV 環境変数のセット
0000CB 01CB CD7DF3          17      CALL    BDOS
                                
0000CE 01CE 214E02          10      LD  HL,N_TIME
0000D1 01D1 115302          10      LD  DE,V_TIME
0000D4 01D4 0E6C             7      LD  C,06CH      ;_SENV 環境変数のセット
0000D6 01D6 CD7DF3          17      CALL    BDOS
                                
0000D9 01D9 212B02          10      LD  HL,N_SHELL  ;DOS2の場合はCOMMAND.COMの読み込みに
0000DC 01DC 112E04          10      LD  DE,AT_COMMAND1  ;ファイルハンドルを用いるものに差し替え
0000DF 01DF 010600          10      LD  BC,6        ;階層ディレクトリに対応の為
0000E2 01E2 EDB0                    LDIR
0000E4 01E4 21F304          10      LD  HL,AT_DOS2RELOAD
0000E7 01E7 11A604          10      LD  DE,AT_DOS1RELOAD
0000EA 01EA 012F00          10      LD  BC,DOS2RELOAD_-DOS2RELOAD
0000ED 01ED EDB0                    LDIR
       01EF                     DOS1:
0000EF 01EF 110E02          10      LD  DE,TITLE2
0000F2 01F2 0E09             7      LD  C,9
0000F4 01F4 CD7DF3          17      CALL    BDOS
0000F7 01F7 010900          10      LD  BC,9
0000FA 01FA 212202          10      LD  HL,AUTOEXEC
0000FD 01FD 118100          10      LD  DE,DTA1+1
000100 0200 EDB0                    LDIR
000102 0202 3E09             7      LD  A,9
000104 0204 2A0100          16      LD  HL,(1)
000107 0207 2E10             7      LD  L,CBOOT & $FF
       0209                     JP_HL:
000109 0209 E9               4      JP  (HL)
       020A                     TITLE:
00010A 020A 444F5324                DB  "DOS$"
       020E                     TITLE2:
00010E 020E 20666F72204D5358        DB  " for MSX v0.08 Gaku$"
            2076302E30382047    
            616B7524            
       0222                     AUTOEXEC:
000122 0222 4155544F45584543        DB  "AUTOEXEC",0
            00                  
       022B                     N_SHELL:
00012B 022B 5348454C4C00            DB  "SHELL",0
       0231                     V_SHELL:
000131 0231 413A5C434F4D4D41        DB  "A:\\COMMAND.COM",0
            4E442E434F4D00      
       0240                     N_DATE:
000140 0240 4441544500              DB  "DATE",0
       0245                     V_DATE:
000145 0245 79792D6D6D2D6464        DB  "yy-mm-dd",0
            00                  
       024E                     N_TIME:
00014E 024E 54494D4500              DB  "TIME",0
       0253                     V_TIME:
000153 0253 323400                  DB  "24",0
       0256                     Z_TIME:
       0256                         DS  64
                                
       0296                     REAL:
000196 0004                         ORG 4,REAL-0100H
       0004                     MAIN:
000196 0004 0000                    DW  0
       0006                     BDOS0:
000198 0006 C30900          10      JP  BDOS1
       0009                     BDOS1:
00019B 0009 3268F5          13      LD  (SAVE_A),A
00019E 000C 79               4      LD  A,C
00019F 000D B7               4      OR  A
       000E                     WBOOT_:
0001A0 000E CA0302          10      JP  Z,WBOOT
0001A3 0011 FE62             7      CP  062H        ;_TERM エラーコードを返して終了
0001A5 0013 28F9            12      JR  Z,WBOOT_
0001A7 0015 FE09             7      CP  9       ;_STROUT 文字列出力
       0017                     SYS09_:
0001A9 0017 CA8D01          10      JP  Z,_SYS09
       001A                     BDOS2:
0001AC 001A 3264F5          13      LD  (SAVE_C),A
0001AF 001D FE0F             7      CP  00FH        ;_FOPEN ファイルオープン
0001B1 001F 385D            12      JR  C,SAVEFCB0
0001B3 0021 FE12             7      CP  012H        ;_SNEXT ファイル検索 続き
0001B5 0023 2004            12      JR  NZ,NOBD12
0001B7 0025 ED5B07F3        20      LD  DE,(FCB11)
       0029                     NOBD12:
0001BB 0029 FE18             7      CP  018H        ;_LOGIN ログインベクトルの獲得
0001BD 002B 383E            12      JR  C,SAVEFCB36
0001BF 002D FE21             7      CP  021H        ;_RDRND ランダム読み出し
0001C1 002F 384D            12      JR  C,SAVEFCB0
0001C3 0031 FE29             7      CP  028H+1      ;_WRZER ゼロ書き込みを伴うランダム書き込み+1
0001C5 0033 3836            12      JR  C,SAVEFCB36
0001C7 0035 FE31             7      CP  031H        ;_DPARM ディスクパラメータの獲得
0001C9 0037 2832            12      JR  Z,SAVEFCB36
0001CB 0039 FE40             7      CP  040H        ;_FFIRST 最初のエントリ検索
0001CD 003B 282E            12      JR  Z,SAVE_PATH
0001CF 003D FE42             7      CP  042H        ;_FNEW 新しいエントリの検索
0001D1 003F 282A            12      JR  Z,SAVE_PATH
0001D3 0041 FE43             7      CP  043H        ;_OPEN ファイルハンドルのオープン
0001D5 0043 2826            12      JR  Z,SAVE_PATH
0001D7 0045 FE44             7      CP  044H        ;_CREATE ファイルハンドルの作成
0001D9 0047 2822            12      JR  Z,SAVE_PATH
0001DB 0049 FE4C             7      CP  04CH        ;_HTEST ファイルハンドルの検査
0001DD 004B 281E            12      JR  Z,SAVE_PATH
0001DF 004D FE50             7      CP  050H        ;_ATTR ファイル属性の獲得・設定
0001E1 004F 281A            12      JR  Z,SAVE_PATH
0001E3 0051 FE51             7      CP  051H        ;_FTIME ファイルの日付および時刻の獲得・設定
0001E5 0053 2816            12      JR  Z,SAVE_PATH
0001E7 0055 FE59             7      CP  059H        ;_GETCD カレントディレクトリの獲得
0001E9 0057 2812            12      JR  Z,SAVE_PATH
0001EB 0059 FE5B             7      CP  05BH        ;_PARSE パス名の解析
0001ED 005B 280E            12      JR  Z,SAVE_PATH
0001EF 005D FE5C             7      CP  05CH        ;_PFILE ファイル名の解析
0001F1 005F 280A            12      JR  Z,SAVE_PATH
0001F3 0061 FE5E             7      CP  05EH        ;_WPATH パス文字列全体の獲得
0001F5 0063 2806            12      JR  Z,SAVE_PATH
0001F7 0065 FE66             7      CP  066H        ;_EXPLAIN エラーコードの説明
0001F9 0067 2802            12      JR  Z,SAVE_PATH
0001FB 0069 1813            12      JR  SAVEFCB0
       006B                     SAVEFCB36:
       006B                     SAVE_PATH:
0001FD 006B 7A               4      LD  A,D
0001FE 006C FE3F             7      CP  03FH        ;ページ1にかぶる？
000200 006E 380E            12      JR  C,SAVEFCB0
000202 0070 FE80             7      CP  080H
000204 0072 300A            12      JR  NC,SAVEFCB0
000206 0074 3E24             7      LD  A,36
000208 0076 CB71             8      BIT 6,C     ;DOS2のファンクションコール？
00020A 0078 2805            12      JR  Z,SAVEFCB1
00020C 007A 3E40             7      LD  A,64        ;DOS2CALLは64バイト設定する
00020E 007C 1801            12      JR  SAVEFCB1
       007E                     SAVEFCB0:
000210 007E AF               4      XOR A
       007F                     SAVEFCB1:
000211 007F 3265F5          13      LD  (DE_MEM_SIZE),A
000214 0082 B7               4      OR  A
000215 0083 2815            12      JR  Z,BDOS3
000217 0085 C5              11      PUSH    BC
000218 0086 E5              11      PUSH    HL
000219 0087 ED5360F5        20      LD  (SAVE_DE),DE
00021D 008B 4F               4      LD  C,A
00021E 008C 0600             7      LD  B,0
000220 008E 211FF4          10      LD  HL,ALT_MEM
000223 0091 EB               4      EX  DE,HL
000224 0092 D5              11      PUSH    DE
000225 0093 EDB0                    LDIR
000227 0095 AF               4      XOR A
000228 0096 12               7      LD  (DE),A
000229 0097 D1              10      POP DE
00022A 0098 E1              10      POP HL
00022B 0099 C1              10      POP BC
       009A                     BDOS3:
00022C 009A AF               4      XOR A
00022D 009B 3263F5          13      LD  (SAVE_IX+1),A
000230 009E 79               4      LD  A,C
000231 009F FE40             7      CP  040H        ;最初のエントリ検索
000233 00A1 3826            12      JR  C,BDOS3IX   ;次のエントリ検索
000235 00A3 FE43             7      CP  042H+1      ;新しいエントリの検索
000237 00A5 3022            12      JR  NC,BDOS3IX
000239 00A7 DD7C             9      LD  A,IXH
00023B 00A9 FE3F             7      CP  03FH        ;ページ1にかぶる？
00023D 00AB 381C            12      JR  C,BDOS3IX
00023F 00AD FE80             7      CP  080H        ;
000241 00AF 3018            12      JR  NC,BDOS3IX
000243 00B1 DD2262F5        20      LD  (SAVE_IX),IX
000247 00B5 C5              11      PUSH    BC
000248 00B6 D5              11      PUSH    DE
000249 00B7 E5              11      PUSH    HL
00024A 00B8 DDE5            15      PUSH    IX
00024C 00BA E1              10      POP HL
00024D 00BB 115FF4          10      LD  DE,ALT_MEM2
000250 00BE 014000          10      LD  BC,64
000253 00C1 D5              11      PUSH    DE
000254 00C2 EDB0                    LDIR
000256 00C4 DDE1            14      POP IX
000258 00C6 E1              10      POP HL
000259 00C7 D1              10      POP DE
00025A 00C8 C1              10      POP BC
       00C9                     BDOS3IX:
00025B 00C9 AF               4      XOR A
00025C 00CA 3267F5          13      LD  (SAVE_HL+1),A
00025F 00CD 79               4      LD  A,C
000260 00CE FE52             7      CP  052H        ;_HDELETE ファイルハンドルの削除
000262 00D0 2810            12      JR  Z,SAVE_HL1
000264 00D2 FE5C             7      CP  05CH        ;_PFILE ファイル名の解析
000266 00D4 280C            12      JR  Z,SAVE_HL1
000268 00D6 FE40             7      CP  040H        ;_FFIRST 最初のエントリ検索
00026A 00D8 2804            12      JR  Z,FIBCHECK
00026C 00DA FE42             7      CP  042H        ;_FNEW 新しいエントリ検索
00026E 00DC 201F            12      JR  NZ,BDOS3HL
       00DE                     FIBCHECK:
000270 00DE 1A               7      LD  A,(DE)
000271 00DF 3C               4      INC A       ;DEがFIBならば0FFH
000272 00E0 201B            12      JR  NZ,BDOS3HL
       00E2                     SAVE_HL1:
000274 00E2 7C               4      LD  A,H
000275 00E3 FE3F             7      CP  03FH        ;ページ1にかぶる？
000277 00E5 3816            12      JR  C,BDOS3HL
000279 00E7 FE80             7      CP  080H        ;
00027B 00E9 3012            12      JR  NC,BDOS3HL
00027D 00EB 2266F5          16      LD  (SAVE_HL),HL
000280 00EE C5              11      PUSH    BC
000281 00EF D5              11      PUSH    DE
000282 00F0 010B00          10      LD  BC,11
000285 00F3 119FF4          10      LD  DE,ALT_MEM3
000288 00F6 EDB0                    LDIR
00028A 00F8 D1              10      POP DE
00028B 00F9 C1              10      POP BC
00028C 00FA 219FF4          10      LD  HL,ALT_MEM3
       00FD                     BDOS3HL:
00028F 00FD ED735EF5        20      LD  (SAVE_SP),SP
000293 0101 ED7B69F5        20      LD  SP,(EXTSP)
000297 0105 3A68F5          13      LD  A,(SAVE_A)
00029A 0108 CD7DF3          17      CALL    BDOS
00029D 010B ED7B5EF5        20      LD  SP,(SAVE_SP)
                                
0002A1 010F F5              11      PUSH    AF
                                
0002A2 0110 3A63F5          13      LD  A,(SAVE_IX+1)       ;最初のエントリ検索 + 次のエントリ検索
0002A5 0113 B7               4      OR  A
0002A6 0114 2815            12      JR  Z,BDOS4IX
0002A8 0116 DD2A62F5        20      LD  IX,(SAVE_IX)
0002AC 011A C5              11      PUSH    BC
0002AD 011B D5              11      PUSH    DE
0002AE 011C E5              11      PUSH    HL
0002AF 011D DDE5            15      PUSH    IX
0002B1 011F D1              10      POP DE
0002B2 0120 215FF4          10      LD  HL,ALT_MEM2
0002B5 0123 014000          10      LD  BC,64
0002B8 0126 EDB0                    LDIR
0002BA 0128 E1              10      POP HL
0002BB 0129 D1              10      POP DE
0002BC 012A C1              10      POP BC
       012B                     BDOS4IX:
0002BD 012B 3A65F5          13      LD  A,(DE_MEM_SIZE)
0002C0 012E B7               4      OR  A
0002C1 012F 2812            12      JR  Z,BDOS4
0002C3 0131 C5              11      PUSH    BC
0002C4 0132 D5              11      PUSH    DE
0002C5 0133 E5              11      PUSH    HL
0002C6 0134 4F               4      LD  C,A
0002C7 0135 0600             7      LD  B,0
0002C9 0137 211FF4          10      LD  HL,ALT_MEM
0002CC 013A ED5B60F5        20      LD  DE,(SAVE_DE)
0002D0 013E EDB0                    LDIR
0002D2 0140 E1              10      POP HL
0002D3 0141 D1              10      POP DE
0002D4 0142 C1              10      POP BC
       0143                     BDOS4:
0002D5 0143 3A67F5          13      LD  A,(SAVE_HL+1)
0002D8 0146 B7               4      OR  A
0002D9 0147 2812            12      JR  Z,BDOS5
0002DB 0149 C5              11      PUSH    BC
0002DC 014A D5              11      PUSH    DE
0002DD 014B E5              11      PUSH    HL
0002DE 014C 010B00          10      LD  BC,11
0002E1 014F 219FF4          10      LD  HL,ALT_MEM3
0002E4 0152 ED5B66F5        20      LD  DE,(SAVE_HL)
0002E8 0156 EDB0                    LDIR
0002EA 0158 E1              10      POP HL
0002EB 0159 D1              10      POP DE
0002EC 015A C1              10      POP BC
       015B                     BDOS5:
0002ED 015B 3A64F5          13      LD  A,(SAVE_C)
0002F0 015E FE5B             7      CP  05BH        ;_PARSE パス名の解析
0002F2 0160 2019            12      JR  NZ,BDOS6
0002F4 0162 C5              11      PUSH    BC
0002F5 0163 011FF4          10      LD  BC,ALT_MEM
0002F8 0166 ED42            15      SBC HL,BC       ;CF=0のハズ
0002FA 0168 ED4B60F5        20      LD  BC,(SAVE_DE)
0002FE 016C 09              11      ADD HL,BC
0002FF 016D EB               4      EX  DE,HL
000300 016E 011FF4          10      LD  BC,ALT_MEM
000303 0171 A7               4      AND A       ;念のためにCF=0にする
000304 0172 ED42            15      SBC HL,BC
000306 0174 ED4B60F5        20      LD  BC,(SAVE_DE)
00030A 0178 09              11      ADD HL,BC
00030B 0179 EB               4      EX  DE,HL
00030C 017A C1              10      POP BC
       017B                     BDOS6:
00030D 017B F1              10      POP AF
00030E 017C C9              10      RET
                                
       017D                     CONST1:
00030F 017D 0E0B             7      LD  C,0BH
000311 017F C30500          10      JP  SYSTEM
       0182                     CONIN1:
000314 0182 0E07             7      LD  C,7
000316 0184 C30500          10      JP  SYSTEM
       0187                     CONOUT1:
000319 0187 59               4      LD  E,C
00031A 0188 0E02             7      LD  C,2
00031C 018A C30500          10      JP  SYSTEM
                                
       018D                     _SYS09:     ;_STROUT 文字列出力
00031F 018D 1A               7      LD  A,(DE)
000320 018E 13               6      INC DE
000321 018F FE24             7      CP  '$'
000323 0191 C8              11      RET Z
000324 0192 D5              11      PUSH    DE
000325 0193 0E02             7      LD  C,2
000327 0195 5F               4      LD  E,A
000328 0196 CD7DF3          17      CALL    BDOS
00032B 0199 D1              10      POP DE
00032C 019A 18F1            12      JR  _SYS09
                                
       019C                     FCBCMD:
       042E                         ORG $$+0100H    ;$DEPHASE
       042E                     AT_COMMAND1:
00032E 019C                         ORG FCBCMD,AT_COMMAND1-0100H
00032E 019C 00434F4D4D414E44        DB  0,"COMMAND COM",0,0,0,0
            20434F4D00000000    
                                
       01AC                     ERROR:
00033E 01AC 0D0A496E73657274        DB  00DH,00AH,"Insert System disk$"
            2053797374656D20    
            6469736B24          
                                
       01C1                     AT:
000353 01C1                         DS  0200H-37-AT
       01DB                     FCB_BAT:
00036D 01DB                         DS  37          ;バッチファイル用のFCB
                                ;           下位1バイト0になるように
       0200                     BOOT:
000392 0200 C30F02          10      JP  WBOOT1
       0203                     WBOOT:
000395 0203 C30F02          10      JP  WBOOT1
       0206                     CONST_:         ;(BDOS)コンソール直接入力
000398 0206 C37D01          10      JP  CONST1
       0209                     CONIN:
00039B 0209 C38201          10      JP  CONIN1
       020C                     CONOUT:
00039E 020C C38701          10      JP  CONOUT1
                                
       020F                     WBOOT1:
0003A1 020F AF               4      XOR A
       0210                     CBOOT:
0003A2 0210 F5              11      PUSH    AF
0003A3 0211 219C01          10  FCBPAT: LD  HL,FCBCMD
       0214                     DOS1RELOAD:
       04A6                         ORG $$+0100H    ;$DEPHASE
       04A6                     AT_DOS1RELOAD:
0003A6 0214                         ORG DOS1RELOAD,AT_DOS1RELOAD-0100H
0003A6 0214 115C00          10      LD  DE,FCB1
0003A9 0217 011000          10      LD  BC,16
0003AC 021A EDB0                    LDIR
                                
0003AE 021C 115C00          10      LD  DE,FCB1
0003B1 021F 0E0F             7      LD  C,00FH      ;(BDOS)_FOPEN ファイルオープン
0003B3 0221 CD7DF3          17      CALL    BDOS
0003B6 0224 B7               4      OR  A
0003B7 0225 2029            12      JR  NZ,SHOW_ERROR
0003B9 0227 210000          10      LD  HL,0
0003BC 022A 227D00          16      LD  (FCB1+33),HL
0003BF 022D 227F00          16      LD  (FCB1+35),HL
0003C2 0230 2C               4      INC L
0003C3 0231 226A00          16      LD  (FCB1+14),HL
                                
0003C6 0234 110001          10      LD  DE,00100H
0003C9 0237 0E1A             7      LD  C,01AH      ;(BDOS)DTAの設定
0003CB 0239 CD7DF3          17      CALL    BDOS
                                
0003CE 023C 115C00          10      LD  DE,FCB1
0003D1 023F 2100BF          10      LD  HL,0BF00H
0003D4 0242 0E27             7      LD  C,027H      ;(BDOS)ランダムブロックリード
0003D6 0244 CD7DF3          17      CALL    BDOS
       0247                     READOK:
0003D9 0247 F1              10      POP AF
0003DA 0248 328000          13      LD  (DTA1),A
0003DD 024B 7C               4      LD  A,H
0003DE 024C B5               4      OR  L
                                
0003DF 024D C20001          10      JP  NZ,0100H
       0250                     SHOW_ERROR:
0003E2 0250 11AC01          10      LD  DE,ERROR
0003E5 0253 0E09             7      LD  C,9
0003E7 0255 CD7DF3          17      CALL    BDOS
0003EA 0258 0E08             7      LD  C,8
0003EC 025A CD7DF3          17      CALL    BDOS
0003EF 025D AF               4      XOR A
0003F0 025E 24               4      INC H
0003F1 025F 18B3            12      JR  DOS1RELOAD
                                
       0261                     MAIN_END:
       04F3                         ORG $$+0100H    ;$DEPHASE
       04F3                     AT_DOS2RELOAD:
0003F3 0214                         ORG DOS1RELOAD,AT_DOS2RELOAD-0100H
       0214                     DOS2RELOAD:
0003F3 0214 111FF4          10      LD  DE,ALT_MEM  ;HLは"SHELL"のポインタ
0003F6 0217 0640             7      LD  B,64
0003F8 0219 0E6B             7      LD  C,06BH      ;_GENV 環境変数の獲得
0003FA 021B CD7DF3          17      CALL    BDOS
0003FD 021E B7               4      OR  A
0003FE 021F 202F            12      JR  NZ,SHOW_ERROR
000400 0221 111FF4          10      LD  DE,ALT_MEM
000403 0224 AF               4      XOR A
000404 0225 0E43             7      LD  C,043H      ;_OPEN ファイルハンドルのオープン
000406 0227 CD7DF3          17      CALL    BDOS
000409 022A B7               4      OR  A
00040A 022B 2023            12      JR  NZ,SHOW_ERROR
00040C 022D C5              11      PUSH    BC
00040D 022E 110001          10      LD  DE,00100H
000410 0231 2100BF          10      LD  HL,0BF00H
000413 0234 0E48             7      LD  C,48H       ;_READ ファイルハンドルからの読み出し
000415 0236 C1              10      POP BC
000416 0237 B7               4      OR  A
000417 0238 2016            12      JR  NZ,SHOW_ERROR
000419 023A E5              11      PUSH    HL
00041A 023B 0E45             7      LD  C,45H       ;_CLOSE ファイルハンドルのクローズ
00041C 023D CD7DF3          17      CALL    BDOS
00041F 0240 E1              10      POP HL
000420 0241 1804            12      JR  READOK
       0243                     DOS2RELOAD_:
       0522                         ORG $$+0100H    ;$DEPHASE
[EOF:DOS.ASM:UTF_8]
